[2025-07-09T18:24:50.992+0000][379][info][gc,init] CardTable entry size: 512
[2025-07-09T18:24:50.993+0000][379][info][gc     ] Using G1
[2025-07-09T18:25:12.530+0000][379][info][gc,init] Version: 23+37-2369 (release)
[2025-07-09T18:25:12.531+0000][379][info][gc,init] CPUs: 8 total, 8 available
[2025-07-09T18:25:12.532+0000][379][info][gc,init] Memory: 7946M
[2025-07-09T18:25:12.532+0000][379][info][gc,init] Large Page Support: Disabled
[2025-07-09T18:25:12.533+0000][379][info][gc,init] NUMA Support: Disabled
[2025-07-09T18:25:12.533+0000][379][info][gc,init] Compressed Oops: Enabled (Zero based)
[2025-07-09T18:25:12.533+0000][379][info][gc,init] Heap Region Size: 4M
[2025-07-09T18:25:12.533+0000][379][info][gc,init] Heap Min Capacity: 3976M
[2025-07-09T18:25:12.533+0000][379][info][gc,init] Heap Initial Capacity: 3976M
[2025-07-09T18:25:12.534+0000][379][info][gc,init] Heap Max Capacity: 3976M
[2025-07-09T18:25:12.534+0000][379][info][gc,init] Pre-touch: Enabled
[2025-07-09T18:25:12.534+0000][379][info][gc,init] Parallel Workers: 8
[2025-07-09T18:25:12.534+0000][379][info][gc,init] Concurrent Workers: 2
[2025-07-09T18:25:12.535+0000][379][info][gc,init] Concurrent Refinement Workers: 8
[2025-07-09T18:25:12.535+0000][379][info][gc,init] Periodic GC: Disabled
[2025-07-09T18:25:12.964+0000][379][info][gc,metaspace] CDS archive(s) mapped at: [0x00007f2426000000-0x00007f2426d8e000-0x00007f2426d8e000), size 14213120, SharedBaseAddress: 0x00007f2426000000, ArchiveRelocationMode: 1.
[2025-07-09T18:25:12.965+0000][379][info][gc,metaspace] Compressed class space mapped at: 0x00007f2427000000-0x00007f2467000000, reserved size: 1073741824
[2025-07-09T18:25:12.966+0000][379][info][gc,metaspace] Narrow klass base: 0x00007f2426000000, Narrow klass shift: 0, Narrow klass range: 0x100000000
[2025-07-09T18:25:17.126+0000][379][info][gc,start    ] GC(0) Pause Young (Concurrent Start) (Metadata GC Threshold)
[2025-07-09T18:25:17.128+0000][379][info][gc,task     ] GC(0) Using 8 workers of 8 for evacuation
[2025-07-09T18:25:17.129+0000][379][debug][gc,age      ] GC(0) Desired survivor size 14680064 bytes, new threshold 15 (max threshold 15)
[2025-07-09T18:25:17.151+0000][379][info ][gc,phases   ] GC(0)   Pre Evacuate Collection Set: 3.90ms
[2025-07-09T18:25:17.151+0000][379][info ][gc,phases   ] GC(0)   Merge Heap Roots: 1.23ms
[2025-07-09T18:25:17.151+0000][379][info ][gc,phases   ] GC(0)   Evacuate Collection Set: 13.74ms
[2025-07-09T18:25:17.151+0000][379][info ][gc,phases   ] GC(0)   Post Evacuate Collection Set: 2.56ms
[2025-07-09T18:25:17.151+0000][379][info ][gc,phases   ] GC(0)   Other: 1.58ms
[2025-07-09T18:25:17.152+0000][379][trace][gc,age      ] GC(0) Age table:
[2025-07-09T18:25:17.152+0000][379][trace][gc,age      ] GC(0) - age   1:   14299328 bytes,   14299328 total
[2025-07-09T18:25:17.152+0000][379][info ][gc,heap     ] GC(0) Eden regions: 46->0(45)
[2025-07-09T18:25:17.152+0000][379][info ][gc,heap     ] GC(0) Survivor regions: 0->4(7)
[2025-07-09T18:25:17.152+0000][379][info ][gc,heap     ] GC(0) Old regions: 1->1
[2025-07-09T18:25:17.152+0000][379][info ][gc,heap     ] GC(0) Humongous regions: 0->0
[2025-07-09T18:25:17.152+0000][379][info ][gc,metaspace] GC(0) Metaspace: 20691K(21504K)->20691K(21504K) NonClass: 18349K(18816K)->18349K(18816K) Class: 2341K(2688K)->2341K(2688K)
[2025-07-09T18:25:17.153+0000][379][info ][gc          ] GC(0) Pause Young (Concurrent Start) (Metadata GC Threshold) 183M->15M(3976M) 26.653ms
[2025-07-09T18:25:17.153+0000][379][info ][gc,cpu      ] GC(0) User=0.11s Sys=0.00s Real=0.02s
[2025-07-09T18:25:17.153+0000][379][info ][gc          ] GC(1) Concurrent Mark Cycle
[2025-07-09T18:25:17.153+0000][379][info ][gc,marking  ] GC(1) Concurrent Scan Root Regions
[2025-07-09T18:25:17.176+0000][379][info ][safepoint   ] Safepoint "CollectForMetadataAllocation", Time since last: 4099605728 ns, Reaching safepoint: 25290 ns, At safepoint: 50526097 ns, Total: 50551387 ns
[2025-07-09T18:25:17.184+0000][379][info ][gc,marking  ] GC(1) Concurrent Scan Root Regions 30.730ms
[2025-07-09T18:25:17.187+0000][379][info ][gc,marking  ] GC(1) Concurrent Mark
[2025-07-09T18:25:17.188+0000][379][info ][gc,marking  ] GC(1) Concurrent Mark From Roots
[2025-07-09T18:25:17.188+0000][379][info ][gc,task     ] GC(1) Using 2 workers of 2 for marking
[2025-07-09T18:25:17.191+0000][379][info ][gc,marking  ] GC(1) Concurrent Mark From Roots 3.074ms
[2025-07-09T18:25:17.191+0000][379][info ][gc,marking  ] GC(1) Concurrent Preclean
[2025-07-09T18:25:17.192+0000][379][info ][gc,marking  ] GC(1) Concurrent Preclean 0.876ms
[2025-07-09T18:25:17.193+0000][379][info ][gc,start    ] GC(1) Pause Remark
[2025-07-09T18:25:17.200+0000][379][info ][gc          ] GC(1) Pause Remark 19M->19M(3976M) 6.336ms
[2025-07-09T18:25:17.200+0000][379][info ][gc,cpu      ] GC(1) User=0.02s Sys=0.00s Real=0.01s
[2025-07-09T18:25:17.200+0000][379][info ][safepoint   ] Safepoint "G1PauseRemark", Time since last: 16536786 ns, Reaching safepoint: 998607 ns, At safepoint: 7184864 ns, Total: 8183471 ns
[2025-07-09T18:25:17.201+0000][379][info ][gc,marking  ] GC(1) Concurrent Mark 13.951ms
[2025-07-09T18:25:17.201+0000][379][info ][gc,marking  ] GC(1) Concurrent Rebuild Remembered Sets and Scrub Regions
[2025-07-09T18:25:17.203+0000][379][info ][gc,marking  ] GC(1) Concurrent Rebuild Remembered Sets and Scrub Regions 1.594ms
[2025-07-09T18:25:17.203+0000][379][info ][gc,start    ] GC(1) Pause Cleanup
[2025-07-09T18:25:17.204+0000][379][info ][gc          ] GC(1) Pause Cleanup 19M->19M(3976M) 0.312ms
[2025-07-09T18:25:17.204+0000][379][info ][gc,cpu      ] GC(1) User=0.01s Sys=0.00s Real=0.00s
[2025-07-09T18:25:17.204+0000][379][info ][safepoint   ] Safepoint "G1PauseCleanup", Time since last: 2749547 ns, Reaching safepoint: 106792 ns, At safepoint: 857564 ns, Total: 964356 ns
[2025-07-09T18:25:17.204+0000][379][info ][gc,marking  ] GC(1) Concurrent Clear Claimed Marks
[2025-07-09T18:25:17.205+0000][379][info ][gc,marking  ] GC(1) Concurrent Clear Claimed Marks 0.308ms
[2025-07-09T18:25:17.205+0000][379][info ][gc,marking  ] GC(1) Concurrent Cleanup for Next Mark
[2025-07-09T18:25:17.210+0000][379][info ][gc,marking  ] GC(1) Concurrent Cleanup for Next Mark 4.654ms
[2025-07-09T18:25:17.210+0000][379][info ][gc          ] GC(1) Concurrent Mark Cycle 57.196ms
[2025-07-09T18:25:19.455+0000][379][info ][gc,start    ] GC(2) Pause Young (Prepare Mixed) (G1 Evacuation Pause)
[2025-07-09T18:25:19.461+0000][379][info ][gc,task     ] GC(2) Using 8 workers of 8 for evacuation
[2025-07-09T18:25:19.464+0000][379][debug][gc,age      ] GC(2) Desired survivor size 14680064 bytes, new threshold 15 (max threshold 15)
[2025-07-09T18:25:19.538+0000][379][info ][gc,phases   ] GC(2)   Pre Evacuate Collection Set: 0.55ms
[2025-07-09T18:25:19.539+0000][379][info ][gc,phases   ] GC(2)   Merge Heap Roots: 0.96ms
[2025-07-09T18:25:19.540+0000][379][info ][gc,phases   ] GC(2)   Evacuate Collection Set: 65.69ms
[2025-07-09T18:25:19.545+0000][379][info ][gc,phases   ] GC(2)   Post Evacuate Collection Set: 4.88ms
[2025-07-09T18:25:19.545+0000][379][info ][gc,phases   ] GC(2)   Other: 4.24ms
[2025-07-09T18:25:19.546+0000][379][trace][gc,age      ] GC(2) Age table:
[2025-07-09T18:25:19.546+0000][379][trace][gc,age      ] GC(2) - age   1:    3258544 bytes,    3258544 total
[2025-07-09T18:25:19.548+0000][379][trace][gc,age      ] GC(2) - age   2:   13339936 bytes,   16598480 total
[2025-07-09T18:25:19.549+0000][379][info ][gc,heap     ] GC(2) Eden regions: 45->0(44)
[2025-07-09T18:25:19.550+0000][379][info ][gc,heap     ] GC(2) Survivor regions: 4->5(7)
[2025-07-09T18:25:19.550+0000][379][info ][gc,heap     ] GC(2) Old regions: 1->1
[2025-07-09T18:25:19.551+0000][379][info ][gc,heap     ] GC(2) Humongous regions: 0->0
[2025-07-09T18:25:19.552+0000][379][info ][gc,metaspace] GC(2) Metaspace: 23933K(24832K)->23933K(24832K) NonClass: 21218K(21696K)->21218K(21696K) Class: 2715K(3136K)->2715K(3136K)
[2025-07-09T18:25:19.553+0000][379][info ][gc          ] GC(2) Pause Young (Prepare Mixed) (G1 Evacuation Pause) 195M->18M(3976M) 98.079ms
[2025-07-09T18:25:19.553+0000][379][info ][gc,cpu      ] GC(2) User=0.41s Sys=0.00s Real=0.10s
[2025-07-09T18:25:19.556+0000][379][info ][safepoint   ] Safepoint "G1CollectForAllocation", Time since last: 2184236631 ns, Reaching safepoint: 66244318 ns, At safepoint: 101034404 ns, Total: 167278722 ns
[2025-07-09T18:25:23.648+0000][379][info ][gc,start    ] GC(3) Pause Young (Mixed) (G1 Evacuation Pause)
[2025-07-09T18:25:23.649+0000][379][info ][gc,task     ] GC(3) Using 8 workers of 8 for evacuation
[2025-07-09T18:25:23.650+0000][379][debug][gc,age      ] GC(3) Desired survivor size 14680064 bytes, new threshold 2 (max threshold 15)
[2025-07-09T18:25:23.693+0000][379][info ][gc,phases   ] GC(3)   Pre Evacuate Collection Set: 0.94ms
[2025-07-09T18:25:23.694+0000][379][info ][gc,phases   ] GC(3)   Merge Heap Roots: 0.16ms
[2025-07-09T18:25:23.694+0000][379][info ][gc,phases   ] GC(3)   Evacuate Collection Set: 39.97ms
[2025-07-09T18:25:23.694+0000][379][info ][gc,phases   ] GC(3)   Post Evacuate Collection Set: 2.14ms
[2025-07-09T18:25:23.695+0000][379][info ][gc,phases   ] GC(3)   Other: 0.86ms
[2025-07-09T18:25:23.696+0000][379][trace][gc,age      ] GC(3) Age table:
[2025-07-09T18:25:23.696+0000][379][trace][gc,age      ] GC(3) - age   1:    4596992 bytes,    4596992 total
[2025-07-09T18:25:23.696+0000][379][trace][gc,age      ] GC(3) - age   2:    2281768 bytes,    6878760 total
[2025-07-09T18:25:23.697+0000][379][info ][gc,heap     ] GC(3) Eden regions: 44->0(47)
[2025-07-09T18:25:23.697+0000][379][info ][gc,heap     ] GC(3) Survivor regions: 5->2(7)
[2025-07-09T18:25:23.698+0000][379][info ][gc,heap     ] GC(3) Old regions: 1->4
[2025-07-09T18:25:23.698+0000][379][info ][gc,heap     ] GC(3) Humongous regions: 0->0
[2025-07-09T18:25:23.699+0000][379][info ][gc,metaspace] GC(3) Metaspace: 29627K(30592K)->29627K(30592K) NonClass: 26266K(26816K)->26266K(26816K) Class: 3360K(3776K)->3360K(3776K)
[2025-07-09T18:25:23.699+0000][379][info ][gc          ] GC(3) Pause Young (Mixed) (G1 Evacuation Pause) 194M->22M(3976M) 50.395ms
[2025-07-09T18:25:23.699+0000][379][info ][gc,cpu      ] GC(3) User=0.19s Sys=0.00s Real=0.05s
[2025-07-09T18:25:23.700+0000][379][info ][safepoint   ] Safepoint "G1CollectForAllocation", Time since last: 4092770815 ns, Reaching safepoint: 12093 ns, At safepoint: 51364057 ns, Total: 51376150 ns
[2025-07-09T18:25:24.724+0000][379][info ][gc,start    ] GC(4) Pause Young (Normal) (G1 Evacuation Pause)
[2025-07-09T18:25:24.724+0000][379][info ][gc,task     ] GC(4) Using 8 workers of 8 for evacuation
[2025-07-09T18:25:24.725+0000][379][debug][gc,age      ] GC(4) Desired survivor size 14680064 bytes, new threshold 15 (max threshold 15)
[2025-07-09T18:25:24.734+0000][379][info ][gc,phases   ] GC(4)   Pre Evacuate Collection Set: 0.41ms
[2025-07-09T18:25:24.735+0000][379][info ][gc,phases   ] GC(4)   Merge Heap Roots: 0.22ms
[2025-07-09T18:25:24.735+0000][379][info ][gc,phases   ] GC(4)   Evacuate Collection Set: 7.83ms
[2025-07-09T18:25:24.735+0000][379][info ][gc,phases   ] GC(4)   Post Evacuate Collection Set: 1.04ms
[2025-07-09T18:25:24.735+0000][379][info ][gc,phases   ] GC(4)   Other: 0.56ms
[2025-07-09T18:25:24.736+0000][379][trace][gc,age      ] GC(4) Age table:
[2025-07-09T18:25:24.736+0000][379][trace][gc,age      ] GC(4) - age   1:    2917496 bytes,    2917496 total
[2025-07-09T18:25:24.736+0000][379][trace][gc,age      ] GC(4) - age   2:    3857944 bytes,    6775440 total
[2025-07-09T18:25:24.736+0000][379][trace][gc,age      ] GC(4) - age   3:    2281416 bytes,    9056856 total
[2025-07-09T18:25:24.737+0000][379][info ][gc,heap     ] GC(4) Eden regions: 47->0(46)
[2025-07-09T18:25:24.737+0000][379][info ][gc,heap     ] GC(4) Survivor regions: 2->3(7)
[2025-07-09T18:25:24.737+0000][379][info ][gc,heap     ] GC(4) Old regions: 4->4
[2025-07-09T18:25:24.737+0000][379][info ][gc,heap     ] GC(4) Humongous regions: 0->0
[2025-07-09T18:25:24.738+0000][379][info ][gc,metaspace] GC(4) Metaspace: 30628K(31616K)->30628K(31616K) NonClass: 27123K(27712K)->27123K(27712K) Class: 3505K(3904K)->3505K(3904K)
[2025-07-09T18:25:24.738+0000][379][info ][gc          ] GC(4) Pause Young (Normal) (G1 Evacuation Pause) 210M->24M(3976M) 14.121ms
[2025-07-09T18:25:24.738+0000][379][info ][gc,cpu      ] GC(4) User=0.06s Sys=0.00s Real=0.02s
[2025-07-09T18:25:24.739+0000][379][info ][safepoint   ] Safepoint "G1CollectForAllocation", Time since last: 1023913088 ns, Reaching safepoint: 11374 ns, At safepoint: 14792145 ns, Total: 14803519 ns
[2025-07-09T18:25:25.297+0000][379][info ][gc,start    ] GC(5) Pause Young (Normal) (G1 Evacuation Pause)
[2025-07-09T18:25:25.298+0000][379][info ][gc,task     ] GC(5) Using 8 workers of 8 for evacuation
[2025-07-09T18:25:25.298+0000][379][debug][gc,age      ] GC(5) Desired survivor size 14680064 bytes, new threshold 15 (max threshold 15)
[2025-07-09T18:25:25.319+0000][379][info ][gc,phases   ] GC(5)   Pre Evacuate Collection Set: 0.28ms
[2025-07-09T18:25:25.319+0000][379][info ][gc,phases   ] GC(5)   Merge Heap Roots: 0.14ms
[2025-07-09T18:25:25.320+0000][379][info ][gc,phases   ] GC(5)   Evacuate Collection Set: 19.01ms
[2025-07-09T18:25:25.320+0000][379][info ][gc,phases   ] GC(5)   Post Evacuate Collection Set: 1.57ms
[2025-07-09T18:25:25.320+0000][379][info ][gc,phases   ] GC(5)   Other: 0.47ms
[2025-07-09T18:25:25.320+0000][379][trace][gc,age      ] GC(5) Age table:
[2025-07-09T18:25:25.320+0000][379][trace][gc,age      ] GC(5) - age   1:    2748472 bytes,    2748472 total
[2025-07-09T18:25:25.320+0000][379][trace][gc,age      ] GC(5) - age   2:    2622864 bytes,    5371336 total
[2025-07-09T18:25:25.321+0000][379][trace][gc,age      ] GC(5) - age   3:    3857192 bytes,    9228528 total
[2025-07-09T18:25:25.321+0000][379][trace][gc,age      ] GC(5) - age   4:    2281232 bytes,   11509760 total
[2025-07-09T18:25:25.321+0000][379][info ][gc,heap     ] GC(5) Eden regions: 46->0(46)
[2025-07-09T18:25:25.321+0000][379][info ][gc,heap     ] GC(5) Survivor regions: 3->3(7)
[2025-07-09T18:25:25.321+0000][379][info ][gc,heap     ] GC(5) Old regions: 4->4
[2025-07-09T18:25:25.321+0000][379][info ][gc,heap     ] GC(5) Humongous regions: 0->0
[2025-07-09T18:25:25.322+0000][379][info ][gc,metaspace] GC(5) Metaspace: 31025K(32000K)->31025K(32000K) NonClass: 27477K(28032K)->27477K(28032K) Class: 3548K(3968K)->3548K(3968K)
[2025-07-09T18:25:25.322+0000][379][info ][gc          ] GC(5) Pause Young (Normal) (G1 Evacuation Pause) 208M->26M(3976M) 24.703ms
[2025-07-09T18:25:25.322+0000][379][info ][gc,cpu      ] GC(5) User=0.14s Sys=0.00s Real=0.02s
[2025-07-09T18:25:25.322+0000][379][info ][safepoint   ] Safepoint "G1CollectForAllocation", Time since last: 558543440 ns, Reaching safepoint: 5429 ns, At safepoint: 25116717 ns, Total: 25122146 ns
[2025-07-09T18:25:25.910+0000][379][info ][gc,start    ] GC(6) Pause Young (Normal) (G1 Evacuation Pause)
[2025-07-09T18:25:25.911+0000][379][info ][gc,task     ] GC(6) Using 8 workers of 8 for evacuation
[2025-07-09T18:25:25.911+0000][379][debug][gc,age      ] GC(6) Desired survivor size 14680064 bytes, new threshold 15 (max threshold 15)
[2025-07-09T18:25:25.918+0000][379][info ][gc,phases   ] GC(6)   Pre Evacuate Collection Set: 0.34ms
[2025-07-09T18:25:25.918+0000][379][info ][gc,phases   ] GC(6)   Merge Heap Roots: 0.16ms
[2025-07-09T18:25:25.919+0000][379][info ][gc,phases   ] GC(6)   Evacuate Collection Set: 5.41ms
[2025-07-09T18:25:25.919+0000][379][info ][gc,phases   ] GC(6)   Post Evacuate Collection Set: 1.00ms
[2025-07-09T18:25:25.919+0000][379][info ][gc,phases   ] GC(6)   Other: 0.65ms
[2025-07-09T18:25:25.919+0000][379][trace][gc,age      ] GC(6) Age table:
[2025-07-09T18:25:25.920+0000][379][trace][gc,age      ] GC(6) - age   1:    1863328 bytes,    1863328 total
[2025-07-09T18:25:25.920+0000][379][trace][gc,age      ] GC(6) - age   2:    1968720 bytes,    3832048 total
[2025-07-09T18:25:25.920+0000][379][trace][gc,age      ] GC(6) - age   3:    2620288 bytes,    6452336 total
[2025-07-09T18:25:25.920+0000][379][trace][gc,age      ] GC(6) - age   4:    3853480 bytes,   10305816 total
[2025-07-09T18:25:25.921+0000][379][trace][gc,age      ] GC(6) - age   5:    2280208 bytes,   12586024 total
[2025-07-09T18:25:25.921+0000][379][info ][gc,heap     ] GC(6) Eden regions: 46->0(59)
[2025-07-09T18:25:25.921+0000][379][info ][gc,heap     ] GC(6) Survivor regions: 3->4(7)
[2025-07-09T18:25:25.921+0000][379][info ][gc,heap     ] GC(6) Old regions: 4->4
[2025-07-09T18:25:25.922+0000][379][info ][gc,heap     ] GC(6) Humongous regions: 0->0
[2025-07-09T18:25:25.922+0000][379][info ][gc,metaspace] GC(6) Metaspace: 31304K(32384K)->31304K(32384K) NonClass: 27706K(28352K)->27706K(28352K) Class: 3597K(4032K)->3597K(4032K)
[2025-07-09T18:25:25.922+0000][379][info ][gc          ] GC(6) Pause Young (Normal) (G1 Evacuation Pause) 210M->28M(3976M) 12.454ms
[2025-07-09T18:25:25.922+0000][379][info ][gc,cpu      ] GC(6) User=0.03s Sys=0.00s Real=0.01s
[2025-07-09T18:25:25.923+0000][379][info ][safepoint   ] Safepoint "G1CollectForAllocation", Time since last: 587357788 ns, Reaching safepoint: 7373 ns, At safepoint: 12968520 ns, Total: 12975893 ns
[2025-07-09T18:25:26.715+0000][379][info ][gc,start    ] GC(7) Pause Young (Concurrent Start) (Metadata GC Threshold)
[2025-07-09T18:25:26.716+0000][379][info ][gc,task     ] GC(7) Using 8 workers of 8 for evacuation
[2025-07-09T18:25:26.716+0000][379][debug][gc,age      ] GC(7) Desired survivor size 16777216 bytes, new threshold 15 (max threshold 15)
[2025-07-09T18:25:26.724+0000][379][info ][gc,phases   ] GC(7)   Pre Evacuate Collection Set: 0.54ms
[2025-07-09T18:25:26.724+0000][379][info ][gc,phases   ] GC(7)   Merge Heap Roots: 0.19ms
[2025-07-09T18:25:26.724+0000][379][info ][gc,phases   ] GC(7)   Evacuate Collection Set: 5.58ms
[2025-07-09T18:25:26.725+0000][379][info ][gc,phases   ] GC(7)   Post Evacuate Collection Set: 0.98ms
[2025-07-09T18:25:26.725+0000][379][info ][gc,phases   ] GC(7)   Other: 0.81ms
[2025-07-09T18:25:26.725+0000][379][trace][gc,age      ] GC(7) Age table:
[2025-07-09T18:25:26.725+0000][379][trace][gc,age      ] GC(7) - age   1:    3237352 bytes,    3237352 total
[2025-07-09T18:25:26.726+0000][379][trace][gc,age      ] GC(7) - age   2:    1039408 bytes,    4276760 total
[2025-07-09T18:25:26.726+0000][379][trace][gc,age      ] GC(7) - age   3:    1968688 bytes,    6245448 total
[2025-07-09T18:25:26.726+0000][379][trace][gc,age      ] GC(7) - age   4:    2620288 bytes,    8865736 total
[2025-07-09T18:25:26.726+0000][379][trace][gc,age      ] GC(7) - age   5:    3853480 bytes,   12719216 total
[2025-07-09T18:25:26.726+0000][379][trace][gc,age      ] GC(7) - age   6:    2280032 bytes,   14999248 total
[2025-07-09T18:25:26.727+0000][379][info ][gc,heap     ] GC(7) Eden regions: 21->0(84)
[2025-07-09T18:25:26.727+0000][379][info ][gc,heap     ] GC(7) Survivor regions: 4->4(8)
[2025-07-09T18:25:26.727+0000][379][info ][gc,heap     ] GC(7) Old regions: 4->4
[2025-07-09T18:25:26.727+0000][379][info ][gc,heap     ] GC(7) Humongous regions: 0->0
[2025-07-09T18:25:26.728+0000][379][info ][gc,metaspace] GC(7) Metaspace: 35027K(36096K)->35027K(36096K) NonClass: 31065K(31680K)->31065K(31680K) Class: 3961K(4416K)->3961K(4416K)
[2025-07-09T18:25:26.728+0000][379][info ][gc          ] GC(7) Pause Young (Concurrent Start) (Metadata GC Threshold) 110M->30M(3976M) 12.507ms
[2025-07-09T18:25:26.728+0000][379][info ][gc,cpu      ] GC(7) User=0.04s Sys=0.00s Real=0.02s
[2025-07-09T18:25:26.728+0000][379][info ][gc          ] GC(8) Concurrent Mark Cycle
[2025-07-09T18:25:26.729+0000][379][info ][gc,marking  ] GC(8) Concurrent Scan Root Regions
[2025-07-09T18:25:26.730+0000][379][info ][safepoint   ] Safepoint "CollectForMetadataAllocation", Time since last: 790772948 ns, Reaching safepoint: 6967 ns, At safepoint: 14608323 ns, Total: 14615290 ns
[2025-07-09T18:25:26.735+0000][379][info ][gc,marking  ] GC(8) Concurrent Scan Root Regions 5.925ms
[2025-07-09T18:25:26.735+0000][379][info ][gc,marking  ] GC(8) Concurrent Mark
[2025-07-09T18:25:26.736+0000][379][info ][gc,marking  ] GC(8) Concurrent Mark From Roots
[2025-07-09T18:25:26.736+0000][379][info ][gc,task     ] GC(8) Using 2 workers of 2 for marking
[2025-07-09T18:25:26.758+0000][379][info ][gc,marking  ] GC(8) Concurrent Mark From Roots 21.769ms
[2025-07-09T18:25:26.758+0000][379][info ][gc,marking  ] GC(8) Concurrent Preclean
[2025-07-09T18:25:26.759+0000][379][info ][gc,marking  ] GC(8) Concurrent Preclean 0.447ms
[2025-07-09T18:25:26.759+0000][379][info ][gc,start    ] GC(8) Pause Remark
[2025-07-09T18:25:26.770+0000][379][info ][gc          ] GC(8) Pause Remark 32M->32M(3976M) 11.086ms
[2025-07-09T18:25:26.771+0000][379][info ][gc,cpu      ] GC(8) User=0.05s Sys=0.00s Real=0.01s
[2025-07-09T18:25:26.771+0000][379][info ][safepoint   ] Safepoint "G1PauseRemark", Time since last: 29215096 ns, Reaching safepoint: 102530 ns, At safepoint: 11844450 ns, Total: 11946980 ns
[2025-07-09T18:25:26.771+0000][379][info ][gc,marking  ] GC(8) Concurrent Mark 36.207ms
[2025-07-09T18:25:26.772+0000][379][info ][gc,marking  ] GC(8) Concurrent Rebuild Remembered Sets and Scrub Regions
[2025-07-09T18:25:26.778+0000][379][info ][gc,marking  ] GC(8) Concurrent Rebuild Remembered Sets and Scrub Regions 6.503ms
[2025-07-09T18:25:26.779+0000][379][info ][gc,start    ] GC(8) Pause Cleanup
[2025-07-09T18:25:26.779+0000][379][info ][gc          ] GC(8) Pause Cleanup 32M->32M(3976M) 0.345ms
[2025-07-09T18:25:26.779+0000][379][info ][gc,cpu      ] GC(8) User=0.00s Sys=0.00s Real=0.00s
[2025-07-09T18:25:26.779+0000][379][info ][safepoint   ] Safepoint "G1PauseCleanup", Time since last: 7593992 ns, Reaching safepoint: 5249 ns, At safepoint: 838898 ns, Total: 844147 ns
[2025-07-09T18:25:26.780+0000][379][info ][gc,marking  ] GC(8) Concurrent Clear Claimed Marks
[2025-07-09T18:25:26.780+0000][379][info ][gc,marking  ] GC(8) Concurrent Clear Claimed Marks 0.374ms
[2025-07-09T18:25:26.780+0000][379][info ][gc,marking  ] GC(8) Concurrent Cleanup for Next Mark
[2025-07-09T18:25:26.789+0000][379][info ][gc,marking  ] GC(8) Concurrent Cleanup for Next Mark 8.060ms
[2025-07-09T18:25:26.789+0000][379][info ][gc          ] GC(8) Concurrent Mark Cycle 60.870ms
[2025-07-09T18:25:31.094+0000][379][info ][gc,start    ] GC(9) Pause Young (Normal) (G1 Evacuation Pause)
[2025-07-09T18:25:31.094+0000][379][info ][gc,task     ] GC(9) Using 8 workers of 8 for evacuation
[2025-07-09T18:25:31.095+0000][379][debug][gc,age      ] GC(9) Desired survivor size 23068672 bytes, new threshold 15 (max threshold 15)
[2025-07-09T18:25:31.104+0000][379][info ][gc,phases   ] GC(9)   Pre Evacuate Collection Set: 0.35ms
[2025-07-09T18:25:31.104+0000][379][info ][gc,phases   ] GC(9)   Merge Heap Roots: 0.13ms
[2025-07-09T18:25:31.104+0000][379][info ][gc,phases   ] GC(9)   Evacuate Collection Set: 6.28ms
[2025-07-09T18:25:31.104+0000][379][info ][gc,phases   ] GC(9)   Post Evacuate Collection Set: 1.77ms
[2025-07-09T18:25:31.105+0000][379][info ][gc,phases   ] GC(9)   Other: 0.65ms
[2025-07-09T18:25:31.105+0000][379][trace][gc,age      ] GC(9) Age table:
[2025-07-09T18:25:31.105+0000][379][trace][gc,age      ] GC(9) - age   1:    6161936 bytes,    6161936 total
[2025-07-09T18:25:31.105+0000][379][trace][gc,age      ] GC(9) - age   2:    3219552 bytes,    9381488 total
[2025-07-09T18:25:31.105+0000][379][trace][gc,age      ] GC(9) - age   3:    1039344 bytes,   10420832 total
[2025-07-09T18:25:31.106+0000][379][trace][gc,age      ] GC(9) - age   4:    1967864 bytes,   12388696 total
[2025-07-09T18:25:31.106+0000][379][trace][gc,age      ] GC(9) - age   5:    2618016 bytes,   15006712 total
[2025-07-09T18:25:31.106+0000][379][trace][gc,age      ] GC(9) - age   6:    3850656 bytes,   18857368 total
[2025-07-09T18:25:31.106+0000][379][trace][gc,age      ] GC(9) - age   7:    2279176 bytes,   21136544 total
[2025-07-09T18:25:31.106+0000][379][info ][gc,heap     ] GC(9) Eden regions: 84->0(66)
[2025-07-09T18:25:31.107+0000][379][info ][gc,heap     ] GC(9) Survivor regions: 4->6(11)
[2025-07-09T18:25:31.107+0000][379][info ][gc,heap     ] GC(9) Old regions: 4->4
[2025-07-09T18:25:31.107+0000][379][info ][gc,heap     ] GC(9) Humongous regions: 0->0
[2025-07-09T18:25:31.107+0000][379][info ][gc,metaspace] GC(9) Metaspace: 38560K(39616K)->38560K(39616K) NonClass: 34099K(34752K)->34099K(34752K) Class: 4460K(4864K)->4460K(4864K)
[2025-07-09T18:25:31.107+0000][379][info ][gc          ] GC(9) Pause Young (Normal) (G1 Evacuation Pause) 366M->38M(3976M) 13.548ms
[2025-07-09T18:25:31.108+0000][379][info ][gc,cpu      ] GC(9) User=0.05s Sys=0.00s Real=0.02s
[2025-07-09T18:25:31.108+0000][379][info ][safepoint   ] Safepoint "G1CollectForAllocation", Time since last: 4314347923 ns, Reaching safepoint: 6030 ns, At safepoint: 14130900 ns, Total: 14136930 ns
[2025-07-09T18:25:33.687+0000][379][info ][gc,start    ] GC(10) Pause Young (Normal) (G1 Evacuation Pause)
[2025-07-09T18:25:33.687+0000][379][info ][gc,task     ] GC(10) Using 8 workers of 8 for evacuation
[2025-07-09T18:25:33.688+0000][379][debug][gc,age      ] GC(10) Desired survivor size 18874368 bytes, new threshold 7 (max threshold 15)
[2025-07-09T18:25:33.711+0000][379][info ][gc,phases   ] GC(10)   Pre Evacuate Collection Set: 0.39ms
[2025-07-09T18:25:33.712+0000][379][info ][gc,phases   ] GC(10)   Merge Heap Roots: 0.18ms
[2025-07-09T18:25:33.719+0000][379][info ][gc,phases   ] GC(10)   Evacuate Collection Set: 20.72ms
[2025-07-09T18:25:33.719+0000][379][info ][gc,phases   ] GC(10)   Post Evacuate Collection Set: 1.18ms
[2025-07-09T18:25:33.720+0000][379][info ][gc,phases   ] GC(10)   Other: 1.44ms
[2025-07-09T18:25:33.720+0000][379][trace][gc,age      ] GC(10) Age table:
[2025-07-09T18:25:33.720+0000][379][trace][gc,age      ] GC(10) - age   1:    4866952 bytes,    4866952 total
[2025-07-09T18:25:33.720+0000][379][trace][gc,age      ] GC(10) - age   2:    5996856 bytes,   10863808 total
[2025-07-09T18:25:33.721+0000][379][trace][gc,age      ] GC(10) - age   3:    3219552 bytes,   14083360 total
[2025-07-09T18:25:33.721+0000][379][trace][gc,age      ] GC(10) - age   4:    1037280 bytes,   15120640 total
[2025-07-09T18:25:33.721+0000][379][trace][gc,age      ] GC(10) - age   5:    1967192 bytes,   17087832 total
[2025-07-09T18:25:33.722+0000][379][trace][gc,age      ] GC(10) - age   6:    2618016 bytes,   19705848 total
[2025-07-09T18:25:33.722+0000][379][trace][gc,age      ] GC(10) - age   7:    3850528 bytes,   23556376 total
[2025-07-09T18:25:33.722+0000][379][info ][gc,heap     ] GC(10) Eden regions: 66->0(91)
[2025-07-09T18:25:33.722+0000][379][info ][gc,heap     ] GC(10) Survivor regions: 6->7(9)
[2025-07-09T18:25:33.722+0000][379][info ][gc,heap     ] GC(10) Old regions: 4->5
[2025-07-09T18:25:33.723+0000][379][info ][gc,heap     ] GC(10) Humongous regions: 0->0
[2025-07-09T18:25:33.723+0000][379][info ][gc,metaspace] GC(10) Metaspace: 39267K(40448K)->39267K(40448K) NonClass: 34709K(35456K)->34709K(35456K) Class: 4558K(4992K)->4558K(4992K)
[2025-07-09T18:25:33.724+0000][379][info ][gc          ] GC(10) Pause Young (Normal) (G1 Evacuation Pause) 302M->41M(3976M) 36.896ms
[2025-07-09T18:25:33.724+0000][379][info ][gc,cpu      ] GC(10) User=0.11s Sys=0.00s Real=0.04s
[2025-07-09T18:25:33.724+0000][379][info ][safepoint   ] Safepoint "G1CollectForAllocation", Time since last: 2578697436 ns, Reaching safepoint: 8364 ns, At safepoint: 37659610 ns, Total: 37667974 ns
[2025-07-09T18:25:37.437+0000][379][info ][gc,start    ] GC(11) Pause Young (Normal) (G1 Evacuation Pause)
[2025-07-09T18:25:37.437+0000][379][info ][gc,task     ] GC(11) Using 8 workers of 8 for evacuation
[2025-07-09T18:25:37.437+0000][379][debug][gc,age      ] GC(11) Desired survivor size 27262976 bytes, new threshold 15 (max threshold 15)
[2025-07-09T18:25:37.449+0000][379][info ][gc,phases   ] GC(11)   Pre Evacuate Collection Set: 0.28ms
[2025-07-09T18:25:37.449+0000][379][info ][gc,phases   ] GC(11)   Merge Heap Roots: 0.16ms
[2025-07-09T18:25:37.449+0000][379][info ][gc,phases   ] GC(11)   Evacuate Collection Set: 9.29ms
[2025-07-09T18:25:37.449+0000][379][info ][gc,phases   ] GC(11)   Post Evacuate Collection Set: 1.20ms
[2025-07-09T18:25:37.450+0000][379][info ][gc,phases   ] GC(11)   Other: 0.48ms
[2025-07-09T18:25:37.450+0000][379][trace][gc,age      ] GC(11) Age table:
[2025-07-09T18:25:37.450+0000][379][trace][gc,age      ] GC(11) - age   1:    5609640 bytes,    5609640 total
[2025-07-09T18:25:37.450+0000][379][trace][gc,age      ] GC(11) - age   2:    4094344 bytes,    9703984 total
[2025-07-09T18:25:37.450+0000][379][trace][gc,age      ] GC(11) - age   3:    5996496 bytes,   15700480 total
[2025-07-09T18:25:37.451+0000][379][trace][gc,age      ] GC(11) - age   4:    3219520 bytes,   18920000 total
[2025-07-09T18:25:37.451+0000][379][trace][gc,age      ] GC(11) - age   5:    1037280 bytes,   19957280 total
[2025-07-09T18:25:37.451+0000][379][trace][gc,age      ] GC(11) - age   6:    1966856 bytes,   21924136 total
[2025-07-09T18:25:37.451+0000][379][trace][gc,age      ] GC(11) - age   7:    2617856 bytes,   24541992 total
[2025-07-09T18:25:37.451+0000][379][trace][gc,age      ] GC(11) - age   8:    3849056 bytes,   28391048 total
[2025-07-09T18:25:37.451+0000][379][info ][gc,heap     ] GC(11) Eden regions: 91->0(102)
[2025-07-09T18:25:37.452+0000][379][info ][gc,heap     ] GC(11) Survivor regions: 7->8(13)
[2025-07-09T18:25:37.452+0000][379][info ][gc,heap     ] GC(11) Old regions: 5->5
[2025-07-09T18:25:37.452+0000][379][info ][gc,heap     ] GC(11) Humongous regions: 0->0
[2025-07-09T18:25:37.452+0000][379][info ][gc,metaspace] GC(11) Metaspace: 39841K(41088K)->39841K(41088K) NonClass: 35211K(35968K)->35211K(35968K) Class: 4630K(5120K)->4630K(5120K)
[2025-07-09T18:25:37.452+0000][379][info ][gc          ] GC(11) Pause Young (Normal) (G1 Evacuation Pause) 405M->48M(3976M) 15.417ms
[2025-07-09T18:25:37.452+0000][379][info ][gc,cpu      ] GC(11) User=0.08s Sys=0.00s Real=0.02s
[2025-07-09T18:25:37.453+0000][379][info ][safepoint   ] Safepoint "G1CollectForAllocation", Time since last: 3712442608 ns, Reaching safepoint: 5838 ns, At safepoint: 15835135 ns, Total: 15840973 ns
[2025-07-09T18:25:41.561+0000][379][info ][gc,start    ] GC(12) Pause Young (Concurrent Start) (Metadata GC Threshold)
[2025-07-09T18:25:41.561+0000][379][info ][gc,task     ] GC(12) Using 8 workers of 8 for evacuation
[2025-07-09T18:25:41.561+0000][379][debug][gc,age      ] GC(12) Desired survivor size 29360128 bytes, new threshold 15 (max threshold 15)
[2025-07-09T18:25:41.574+0000][379][info ][gc,phases   ] GC(12)   Pre Evacuate Collection Set: 0.45ms
[2025-07-09T18:25:41.574+0000][379][info ][gc,phases   ] GC(12)   Merge Heap Roots: 0.17ms
[2025-07-09T18:25:41.574+0000][379][info ][gc,phases   ] GC(12)   Evacuate Collection Set: 9.96ms
[2025-07-09T18:25:41.574+0000][379][info ][gc,phases   ] GC(12)   Post Evacuate Collection Set: 1.50ms
[2025-07-09T18:25:41.574+0000][379][info ][gc,phases   ] GC(12)   Other: 0.49ms
[2025-07-09T18:25:41.574+0000][379][trace][gc,age      ] GC(12) Age table:
[2025-07-09T18:25:41.575+0000][379][trace][gc,age      ] GC(12) - age   1:    7696696 bytes,    7696696 total
[2025-07-09T18:25:41.575+0000][379][trace][gc,age      ] GC(12) - age   2:    3434752 bytes,   11131448 total
[2025-07-09T18:25:41.575+0000][379][trace][gc,age      ] GC(12) - age   3:    4085704 bytes,   15217152 total
[2025-07-09T18:25:41.575+0000][379][trace][gc,age      ] GC(12) - age   4:    5971088 bytes,   21188240 total
[2025-07-09T18:25:41.575+0000][379][trace][gc,age      ] GC(12) - age   5:    3218936 bytes,   24407176 total
[2025-07-09T18:25:41.575+0000][379][trace][gc,age      ] GC(12) - age   6:    1030808 bytes,   25437984 total
[2025-07-09T18:25:41.575+0000][379][trace][gc,age      ] GC(12) - age   7:    1965240 bytes,   27403224 total
[2025-07-09T18:25:41.576+0000][379][trace][gc,age      ] GC(12) - age   8:    2614224 bytes,   30017448 total
[2025-07-09T18:25:41.576+0000][379][trace][gc,age      ] GC(12) - age   9:    3840200 bytes,   33857648 total
[2025-07-09T18:25:41.576+0000][379][info ][gc,heap     ] GC(12) Eden regions: 101->0(119)
[2025-07-09T18:25:41.576+0000][379][info ][gc,heap     ] GC(12) Survivor regions: 8->10(14)
[2025-07-09T18:25:41.576+0000][379][info ][gc,heap     ] GC(12) Old regions: 5->5
[2025-07-09T18:25:41.576+0000][379][info ][gc,heap     ] GC(12) Humongous regions: 0->0
[2025-07-09T18:25:41.576+0000][379][info ][gc,metaspace] GC(12) Metaspace: 58863K(60416K)->58863K(60416K) NonClass: 51541K(52480K)->51541K(52480K) Class: 7321K(7936K)->7321K(7936K)
[2025-07-09T18:25:41.577+0000][379][info ][gc          ] GC(12) Pause Young (Concurrent Start) (Metadata GC Threshold) 452M->54M(3976M) 15.975ms
[2025-07-09T18:25:41.577+0000][379][info ][gc,cpu      ] GC(12) User=0.07s Sys=0.00s Real=0.01s
[2025-07-09T18:25:41.577+0000][379][info ][gc          ] GC(13) Concurrent Mark Cycle
[2025-07-09T18:25:41.577+0000][379][info ][gc,marking  ] GC(13) Concurrent Scan Root Regions
[2025-07-09T18:25:41.577+0000][379][info ][safepoint   ] Safepoint "CollectForMetadataAllocation", Time since last: 4107966602 ns, Reaching safepoint: 6346 ns, At safepoint: 16783665 ns, Total: 16790011 ns
[2025-07-09T18:25:41.584+0000][379][info ][gc,marking  ] GC(13) Concurrent Scan Root Regions 7.210ms
[2025-07-09T18:25:41.585+0000][379][info ][gc,marking  ] GC(13) Concurrent Mark
[2025-07-09T18:25:41.585+0000][379][info ][gc,marking  ] GC(13) Concurrent Mark From Roots
[2025-07-09T18:25:41.585+0000][379][info ][gc,task     ] GC(13) Using 2 workers of 2 for marking
[2025-07-09T18:25:41.599+0000][379][info ][gc,marking  ] GC(13) Concurrent Mark From Roots 14.563ms
[2025-07-09T18:25:41.600+0000][379][info ][gc,marking  ] GC(13) Concurrent Preclean
[2025-07-09T18:25:41.600+0000][379][info ][gc,marking  ] GC(13) Concurrent Preclean 0.293ms
[2025-07-09T18:25:41.600+0000][379][info ][gc,start    ] GC(13) Pause Remark
[2025-07-09T18:25:41.606+0000][379][info ][gc          ] GC(13) Pause Remark 57M->57M(3976M) 5.184ms
[2025-07-09T18:25:41.606+0000][379][info ][gc,cpu      ] GC(13) User=0.02s Sys=0.00s Real=0.00s
[2025-07-09T18:25:41.606+0000][379][info ][safepoint   ] Safepoint "G1PauseRemark", Time since last: 22942756 ns, Reaching safepoint: 181524 ns, At safepoint: 5745280 ns, Total: 5926804 ns
[2025-07-09T18:25:41.606+0000][379][info ][gc,marking  ] GC(13) Concurrent Mark 21.741ms
[2025-07-09T18:25:41.607+0000][379][info ][gc,marking  ] GC(13) Concurrent Rebuild Remembered Sets and Scrub Regions
[2025-07-09T18:25:41.612+0000][379][info ][gc,marking  ] GC(13) Concurrent Rebuild Remembered Sets and Scrub Regions 5.022ms
[2025-07-09T18:25:41.612+0000][379][info ][gc,start    ] GC(13) Pause Cleanup
[2025-07-09T18:25:41.612+0000][379][info ][gc          ] GC(13) Pause Cleanup 57M->57M(3976M) 0.194ms
[2025-07-09T18:25:41.612+0000][379][info ][gc,cpu      ] GC(13) User=0.00s Sys=0.00s Real=0.00s
[2025-07-09T18:25:41.612+0000][379][info ][safepoint   ] Safepoint "G1PauseCleanup", Time since last: 5697604 ns, Reaching safepoint: 85921 ns, At safepoint: 488061 ns, Total: 573982 ns
[2025-07-09T18:25:41.613+0000][379][info ][gc,marking  ] GC(13) Concurrent Clear Claimed Marks
[2025-07-09T18:25:41.613+0000][379][info ][gc,marking  ] GC(13) Concurrent Clear Claimed Marks 0.267ms
[2025-07-09T18:25:41.613+0000][379][info ][gc,marking  ] GC(13) Concurrent Cleanup for Next Mark
[2025-07-09T18:25:41.617+0000][379][info ][gc,marking  ] GC(13) Concurrent Cleanup for Next Mark 4.192ms
[2025-07-09T18:25:41.618+0000][379][info ][gc          ] GC(13) Concurrent Mark Cycle 41.102ms
[2025-07-09T18:25:45.380+0000][379][info ][gc,start    ] GC(14) Pause Young (Prepare Mixed) (G1 Evacuation Pause)
[2025-07-09T18:25:45.381+0000][379][info ][gc,task     ] GC(14) Using 8 workers of 8 for evacuation
[2025-07-09T18:25:45.381+0000][379][debug][gc,age      ] GC(14) Desired survivor size 35651584 bytes, new threshold 15 (max threshold 15)
[2025-07-09T18:25:45.402+0000][379][info ][gc,phases   ] GC(14)   Pre Evacuate Collection Set: 0.38ms
[2025-07-09T18:25:45.402+0000][379][info ][gc,phases   ] GC(14)   Merge Heap Roots: 0.14ms
[2025-07-09T18:25:45.403+0000][379][info ][gc,phases   ] GC(14)   Evacuate Collection Set: 17.06ms
[2025-07-09T18:25:45.403+0000][379][info ][gc,phases   ] GC(14)   Post Evacuate Collection Set: 2.86ms
[2025-07-09T18:25:45.403+0000][379][info ][gc,phases   ] GC(14)   Other: 0.77ms
[2025-07-09T18:25:45.403+0000][379][trace][gc,age      ] GC(14) Age table:
[2025-07-09T18:25:45.403+0000][379][trace][gc,age      ] GC(14) - age   1:   11647144 bytes,   11647144 total
[2025-07-09T18:25:45.404+0000][379][trace][gc,age      ] GC(14) - age   2:    7185832 bytes,   18832976 total
[2025-07-09T18:25:45.404+0000][379][trace][gc,age      ] GC(14) - age   3:    3380456 bytes,   22213432 total
[2025-07-09T18:25:45.404+0000][379][trace][gc,age      ] GC(14) - age   4:    4075160 bytes,   26288592 total
[2025-07-09T18:25:45.404+0000][379][trace][gc,age      ] GC(14) - age   5:    5950688 bytes,   32239280 total
[2025-07-09T18:25:45.404+0000][379][trace][gc,age      ] GC(14) - age   6:    3209008 bytes,   35448288 total
[2025-07-09T18:25:45.404+0000][379][trace][gc,age      ] GC(14) - age   7:    1016648 bytes,   36464936 total
[2025-07-09T18:25:45.405+0000][379][trace][gc,age      ] GC(14) - age   8:    1956624 bytes,   38421560 total
[2025-07-09T18:25:45.405+0000][379][trace][gc,age      ] GC(14) - age   9:    2601120 bytes,   41022680 total
[2025-07-09T18:25:45.405+0000][379][trace][gc,age      ] GC(14) - age  10:    3810992 bytes,   44833672 total
[2025-07-09T18:25:45.405+0000][379][info ][gc,heap     ] GC(14) Eden regions: 119->0(132)
[2025-07-09T18:25:45.405+0000][379][info ][gc,heap     ] GC(14) Survivor regions: 10->12(17)
[2025-07-09T18:25:45.405+0000][379][info ][gc,heap     ] GC(14) Old regions: 5->5
[2025-07-09T18:25:45.405+0000][379][info ][gc,heap     ] GC(14) Humongous regions: 0->0
[2025-07-09T18:25:45.405+0000][379][info ][gc,metaspace] GC(14) Metaspace: 77630K(79616K)->77630K(79616K) NonClass: 67144K(68352K)->67144K(68352K) Class: 10485K(11264K)->10485K(11264K)
[2025-07-09T18:25:45.406+0000][379][info ][gc          ] GC(14) Pause Young (Prepare Mixed) (G1 Evacuation Pause) 530M->64M(3976M) 25.535ms
[2025-07-09T18:25:45.406+0000][379][info ][gc,cpu      ] GC(14) User=0.14s Sys=0.00s Real=0.02s
[2025-07-09T18:25:45.406+0000][379][info ][safepoint   ] Safepoint "G1CollectForAllocation", Time since last: 3767520946 ns, Reaching safepoint: 5763 ns, At safepoint: 25846547 ns, Total: 25852310 ns
[2025-07-09T18:25:48.663+0000][379][info ][gc,start    ] GC(15) Pause Young (Mixed) (Metadata GC Threshold)
[2025-07-09T18:25:48.663+0000][379][info ][gc,task     ] GC(15) Using 8 workers of 8 for evacuation
[2025-07-09T18:25:48.663+0000][379][debug][gc,age      ] GC(15) Desired survivor size 37748736 bytes, new threshold 8 (max threshold 15)
[2025-07-09T18:25:48.703+0000][379][info ][gc,phases   ] GC(15)   Pre Evacuate Collection Set: 0.32ms
[2025-07-09T18:25:48.703+0000][379][info ][gc,phases   ] GC(15)   Merge Heap Roots: 0.14ms
[2025-07-09T18:25:48.704+0000][379][info ][gc,phases   ] GC(15)   Evacuate Collection Set: 35.97ms
[2025-07-09T18:25:48.704+0000][379][info ][gc,phases   ] GC(15)   Post Evacuate Collection Set: 2.82ms
[2025-07-09T18:25:48.704+0000][379][info ][gc,phases   ] GC(15)   Other: 0.65ms
[2025-07-09T18:25:48.704+0000][379][trace][gc,age      ] GC(15) Age table:
[2025-07-09T18:25:48.705+0000][379][trace][gc,age      ] GC(15) - age   1:    8326640 bytes,    8326640 total
[2025-07-09T18:25:48.705+0000][379][trace][gc,age      ] GC(15) - age   2:   11246640 bytes,   19573280 total
[2025-07-09T18:25:48.705+0000][379][trace][gc,age      ] GC(15) - age   3:    7096752 bytes,   26670032 total
[2025-07-09T18:25:48.705+0000][379][trace][gc,age      ] GC(15) - age   4:    3372784 bytes,   30042816 total
[2025-07-09T18:25:48.705+0000][379][trace][gc,age      ] GC(15) - age   5:    4068488 bytes,   34111304 total
[2025-07-09T18:25:48.706+0000][379][trace][gc,age      ] GC(15) - age   6:    5938976 bytes,   40050280 total
[2025-07-09T18:25:48.706+0000][379][trace][gc,age      ] GC(15) - age   7:    3200536 bytes,   43250816 total
[2025-07-09T18:25:48.706+0000][379][trace][gc,age      ] GC(15) - age   8:    1014040 bytes,   44264856 total
[2025-07-09T18:25:48.706+0000][379][info ][gc,heap     ] GC(15) Eden regions: 108->0(143)
[2025-07-09T18:25:48.706+0000][379][info ][gc,heap     ] GC(15) Survivor regions: 12->11(18)
[2025-07-09T18:25:48.707+0000][379][info ][gc,heap     ] GC(15) Old regions: 5->7
[2025-07-09T18:25:48.707+0000][379][info ][gc,heap     ] GC(15) Humongous regions: 0->0
[2025-07-09T18:25:48.707+0000][379][info ][gc,metaspace] GC(15) Metaspace: 99038K(101120K)->99038K(101120K) NonClass: 85526K(86720K)->85526K(86720K) Class: 13512K(14400K)->13512K(14400K)
[2025-07-09T18:25:48.707+0000][379][info ][gc          ] GC(15) Pause Young (Mixed) (Metadata GC Threshold) 494M->68M(3976M) 44.669ms
[2025-07-09T18:25:48.708+0000][379][info ][gc,cpu      ] GC(15) User=0.28s Sys=0.00s Real=0.05s
[2025-07-09T18:25:48.708+0000][379][info ][safepoint   ] Safepoint "CollectForMetadataAllocation", Time since last: 3256810954 ns, Reaching safepoint: 6665 ns, At safepoint: 45322713 ns, Total: 45329378 ns
[2025-07-09T18:25:48.749+0000][379][info ][gc,start    ] GC(16) Pause Young (Concurrent Start) (Metadata GC Threshold)
[2025-07-09T18:25:48.750+0000][379][info ][gc,task     ] GC(16) Using 8 workers of 8 for evacuation
[2025-07-09T18:25:48.750+0000][379][debug][gc,age      ] GC(16) Desired survivor size 41943040 bytes, new threshold 7 (max threshold 15)
[2025-07-09T18:25:48.770+0000][379][info ][gc,phases   ] GC(16)   Pre Evacuate Collection Set: 0.41ms
[2025-07-09T18:25:48.770+0000][379][info ][gc,phases   ] GC(16)   Merge Heap Roots: 0.15ms
[2025-07-09T18:25:48.770+0000][379][info ][gc,phases   ] GC(16)   Evacuate Collection Set: 16.95ms
[2025-07-09T18:25:48.770+0000][379][info ][gc,phases   ] GC(16)   Post Evacuate Collection Set: 1.74ms
[2025-07-09T18:25:48.770+0000][379][info ][gc,phases   ] GC(16)   Other: 0.56ms
[2025-07-09T18:25:48.770+0000][379][trace][gc,age      ] GC(16) Age table:
[2025-07-09T18:25:48.771+0000][379][trace][gc,age      ] GC(16) - age   1:      72944 bytes,      72944 total
[2025-07-09T18:25:48.771+0000][379][trace][gc,age      ] GC(16) - age   2:    8132864 bytes,    8205808 total
[2025-07-09T18:25:48.771+0000][379][trace][gc,age      ] GC(16) - age   3:   11246536 bytes,   19452344 total
[2025-07-09T18:25:48.771+0000][379][trace][gc,age      ] GC(16) - age   4:    7096752 bytes,   26549096 total
[2025-07-09T18:25:48.771+0000][379][trace][gc,age      ] GC(16) - age   5:    3372784 bytes,   29921880 total
[2025-07-09T18:25:48.771+0000][379][trace][gc,age      ] GC(16) - age   6:    4068488 bytes,   33990368 total
[2025-07-09T18:25:48.771+0000][379][trace][gc,age      ] GC(16) - age   7:    5938976 bytes,   39929344 total
[2025-07-09T18:25:48.772+0000][379][info ][gc,heap     ] GC(16) Eden regions: 1->0(194)
[2025-07-09T18:25:48.772+0000][379][info ][gc,heap     ] GC(16) Survivor regions: 11->11(20)
[2025-07-09T18:25:48.772+0000][379][info ][gc,heap     ] GC(16) Old regions: 7->8
[2025-07-09T18:25:48.772+0000][379][info ][gc,heap     ] GC(16) Humongous regions: 0->0
[2025-07-09T18:25:48.772+0000][379][info ][gc,metaspace] GC(16) Metaspace: 99314K(101440K)->99314K(101440K) NonClass: 85769K(86976K)->85769K(86976K) Class: 13545K(14464K)->13545K(14464K)
[2025-07-09T18:25:48.772+0000][379][info ][gc          ] GC(16) Pause Young (Concurrent Start) (Metadata GC Threshold) 72M->73M(3976M) 23.195ms
[2025-07-09T18:25:48.773+0000][379][info ][gc,cpu      ] GC(16) User=0.14s Sys=0.00s Real=0.02s
[2025-07-09T18:25:48.773+0000][379][info ][gc          ] GC(17) Concurrent Mark Cycle
[2025-07-09T18:25:48.773+0000][379][info ][gc,marking  ] GC(17) Concurrent Scan Root Regions
[2025-07-09T18:25:48.781+0000][379][info ][safepoint   ] Safepoint "CollectForMetadataAllocation", Time since last: 41257398 ns, Reaching safepoint: 5267 ns, At safepoint: 32181173 ns, Total: 32186440 ns
[2025-07-09T18:25:48.784+0000][379][info ][gc,marking  ] GC(17) Concurrent Scan Root Regions 10.467ms
[2025-07-09T18:25:48.784+0000][379][info ][gc,marking  ] GC(17) Concurrent Mark
[2025-07-09T18:25:48.784+0000][379][info ][gc,marking  ] GC(17) Concurrent Mark From Roots
[2025-07-09T18:25:48.784+0000][379][info ][gc,task     ] GC(17) Using 2 workers of 2 for marking
[2025-07-09T18:25:48.800+0000][379][info ][gc,marking  ] GC(17) Concurrent Mark From Roots 15.971ms
[2025-07-09T18:25:48.800+0000][379][info ][gc,marking  ] GC(17) Concurrent Preclean
[2025-07-09T18:25:48.801+0000][379][info ][gc,marking  ] GC(17) Concurrent Preclean 0.314ms
[2025-07-09T18:25:48.801+0000][379][info ][gc,start    ] GC(17) Pause Remark
[2025-07-09T18:25:48.807+0000][379][info ][gc          ] GC(17) Pause Remark 76M->76M(3976M) 5.310ms
[2025-07-09T18:25:48.807+0000][379][info ][gc,cpu      ] GC(17) User=0.03s Sys=0.00s Real=0.00s
[2025-07-09T18:25:48.807+0000][379][info ][safepoint   ] Safepoint "G1PauseRemark", Time since last: 19583018 ns, Reaching safepoint: 334470 ns, At safepoint: 5813368 ns, Total: 6147838 ns
[2025-07-09T18:25:48.807+0000][379][info ][gc,marking  ] GC(17) Concurrent Mark 23.464ms
[2025-07-09T18:25:48.808+0000][379][info ][gc,marking  ] GC(17) Concurrent Rebuild Remembered Sets and Scrub Regions
[2025-07-09T18:25:48.814+0000][379][info ][gc,marking  ] GC(17) Concurrent Rebuild Remembered Sets and Scrub Regions 6.235ms
[2025-07-09T18:25:48.816+0000][379][info ][gc,start    ] GC(17) Pause Cleanup
[2025-07-09T18:25:48.817+0000][379][info ][gc          ] GC(17) Pause Cleanup 76M->76M(3976M) 0.329ms
[2025-07-09T18:25:48.817+0000][379][info ][gc,cpu      ] GC(17) User=0.00s Sys=0.00s Real=0.00s
[2025-07-09T18:25:48.817+0000][379][info ][safepoint   ] Safepoint "G1PauseCleanup", Time since last: 7015006 ns, Reaching safepoint: 2151045 ns, At safepoint: 689423 ns, Total: 2840468 ns
[2025-07-09T18:25:48.817+0000][379][info ][gc,marking  ] GC(17) Concurrent Clear Claimed Marks
[2025-07-09T18:25:48.818+0000][379][info ][gc,marking  ] GC(17) Concurrent Clear Claimed Marks 0.363ms
[2025-07-09T18:25:48.818+0000][379][info ][gc,marking  ] GC(17) Concurrent Cleanup for Next Mark
[2025-07-09T18:25:48.822+0000][379][info ][gc,marking  ] GC(17) Concurrent Cleanup for Next Mark 3.844ms
[2025-07-09T18:25:48.822+0000][379][info ][gc          ] GC(17) Concurrent Mark Cycle 49.195ms
[2025-07-09T18:25:58.009+0000][379][info ][gc,start    ] GC(18) Pause Young (Normal) (G1 Evacuation Pause)
[2025-07-09T18:25:58.009+0000][379][info ][gc,task     ] GC(18) Using 8 workers of 8 for evacuation
[2025-07-09T18:25:58.009+0000][379][debug][gc,age      ] GC(18) Desired survivor size 52428800 bytes, new threshold 15 (max threshold 15)
[2025-07-09T18:25:58.221+0000][379][info ][gc,mmu      ] GC(18) MMU target violated: 201.0ms (200.0ms/201.0ms)
[2025-07-09T18:25:58.221+0000][379][info ][gc,phases   ] GC(18)   Pre Evacuate Collection Set: 0.48ms
[2025-07-09T18:25:58.221+0000][379][info ][gc,phases   ] GC(18)   Merge Heap Roots: 0.19ms
[2025-07-09T18:25:58.222+0000][379][info ][gc,phases   ] GC(18)   Evacuate Collection Set: 206.33ms
[2025-07-09T18:25:58.222+0000][379][info ][gc,phases   ] GC(18)   Post Evacuate Collection Set: 4.17ms
[2025-07-09T18:25:58.222+0000][379][info ][gc,phases   ] GC(18)   Other: 0.90ms
[2025-07-09T18:25:58.222+0000][379][trace][gc,age      ] GC(18) Age table:
[2025-07-09T18:25:58.222+0000][379][trace][gc,age      ] GC(18) - age   1:   63703192 bytes,   63703192 total
[2025-07-09T18:25:58.222+0000][379][trace][gc,age      ] GC(18) - age   2:      33280 bytes,   63736472 total
[2025-07-09T18:25:58.223+0000][379][trace][gc,age      ] GC(18) - age   3:    7645064 bytes,   71381536 total
[2025-07-09T18:25:58.223+0000][379][trace][gc,age      ] GC(18) - age   4:   10997664 bytes,   82379200 total
[2025-07-09T18:25:58.223+0000][379][trace][gc,age      ] GC(18) - age   5:    6724488 bytes,   89103688 total
[2025-07-09T18:25:58.223+0000][379][trace][gc,age      ] GC(18) - age   6:    3368328 bytes,   92472016 total
[2025-07-09T18:25:58.223+0000][379][trace][gc,age      ] GC(18) - age   7:    4061384 bytes,   96533400 total
[2025-07-09T18:25:58.223+0000][379][trace][gc,age      ] GC(18) - age   8:    5893832 bytes,  102427232 total
[2025-07-09T18:25:58.224+0000][379][info ][gc,heap     ] GC(18) Eden regions: 189->0(110)
[2025-07-09T18:25:58.224+0000][379][info ][gc,heap     ] GC(18) Survivor regions: 11->25(25)
[2025-07-09T18:25:58.224+0000][379][info ][gc,heap     ] GC(18) Old regions: 8->29
[2025-07-09T18:25:58.224+0000][379][info ][gc,heap     ] GC(18) Humongous regions: 4->4
[2025-07-09T18:25:58.224+0000][379][info ][gc,metaspace] GC(18) Metaspace: 135761K(139712K)->135761K(139712K) NonClass: 116558K(118720K)->116558K(118720K) Class: 19202K(20992K)->19202K(20992K)
[2025-07-09T18:25:58.224+0000][379][info ][gc          ] GC(18) Pause Young (Normal) (G1 Evacuation Pause) 845M->231M(3976M) 215.800ms
[2025-07-09T18:25:58.225+0000][379][info ][gc,cpu      ] GC(18) User=1.50s Sys=0.00s Real=0.21s
[2025-07-09T18:25:58.225+0000][379][info ][safepoint   ] Safepoint "G1CollectForAllocation", Time since last: 9192286427 ns, Reaching safepoint: 14238 ns, At safepoint: 216328883 ns, Total: 216343121 ns
[2025-07-09T18:25:58.476+0000][379][info ][gc,start    ] GC(19) Pause Young (Normal) (G1 Evacuation Pause)
[2025-07-09T18:25:58.477+0000][379][info ][gc,task     ] GC(19) Using 8 workers of 8 for evacuation
[2025-07-09T18:25:58.477+0000][379][debug][gc,age      ] GC(19) Desired survivor size 14680064 bytes, new threshold 1 (max threshold 15)
[2025-07-09T18:25:58.670+0000][379][info ][gc,phases   ] GC(19)   Pre Evacuate Collection Set: 0.35ms
[2025-07-09T18:25:58.671+0000][379][info ][gc,phases   ] GC(19)   Merge Heap Roots: 0.44ms
[2025-07-09T18:25:58.671+0000][379][info ][gc,phases   ] GC(19)   Evacuate Collection Set: 190.67ms
[2025-07-09T18:25:58.671+0000][379][info ][gc,phases   ] GC(19)   Post Evacuate Collection Set: 1.61ms
[2025-07-09T18:25:58.672+0000][379][info ][gc,phases   ] GC(19)   Other: 0.49ms
[2025-07-09T18:25:58.672+0000][379][trace][gc,age      ] GC(19) Age table:
[2025-07-09T18:25:58.672+0000][379][trace][gc,age      ] GC(19) - age   1:   25434288 bytes,   25434288 total
[2025-07-09T18:25:58.672+0000][379][info ][gc,heap     ] GC(19) Eden regions: 24->0(87)
[2025-07-09T18:25:58.673+0000][379][info ][gc,heap     ] GC(19) Survivor regions: 25->7(7)
[2025-07-09T18:25:58.673+0000][379][info ][gc,heap     ] GC(19) Old regions: 29->56
[2025-07-09T18:25:58.673+0000][379][info ][gc,heap     ] GC(19) Humongous regions: 4->4
[2025-07-09T18:25:58.673+0000][379][info ][gc,metaspace] GC(19) Metaspace: 135762K(139712K)->135762K(139712K) NonClass: 116559K(118720K)->116559K(118720K) Class: 19202K(20992K)->19202K(20992K)
[2025-07-09T18:25:58.674+0000][379][info ][gc          ] GC(19) Pause Young (Normal) (G1 Evacuation Pause) 327M->268M(3976M) 197.347ms
[2025-07-09T18:25:58.674+0000][379][info ][gc,cpu      ] GC(19) User=1.34s Sys=0.00s Real=0.20s
[2025-07-09T18:25:58.674+0000][379][info ][safepoint   ] Safepoint "G1CollectForAllocation", Time since last: 251155355 ns, Reaching safepoint: 13441 ns, At safepoint: 198154140 ns, Total: 198167581 ns
[2025-07-09T18:26:14.810+0000][379][info ][gc,start    ] GC(20) Pause Young (Normal) (G1 Evacuation Pause)
[2025-07-09T18:26:14.810+0000][379][info ][gc,task     ] GC(20) Using 8 workers of 8 for evacuation
[2025-07-09T18:26:14.810+0000][379][debug][gc,age      ] GC(20) Desired survivor size 29360128 bytes, new threshold 15 (max threshold 15)
[2025-07-09T18:26:14.846+0000][379][info ][gc,phases   ] GC(20)   Pre Evacuate Collection Set: 0.40ms
[2025-07-09T18:26:14.846+0000][379][info ][gc,phases   ] GC(20)   Merge Heap Roots: 0.30ms
[2025-07-09T18:26:14.847+0000][379][info ][gc,phases   ] GC(20)   Evacuate Collection Set: 32.67ms
[2025-07-09T18:26:14.847+0000][379][info ][gc,phases   ] GC(20)   Post Evacuate Collection Set: 1.94ms
[2025-07-09T18:26:14.848+0000][379][info ][gc,phases   ] GC(20)   Other: 0.55ms
[2025-07-09T18:26:14.848+0000][379][trace][gc,age      ] GC(20) Age table:
[2025-07-09T18:26:14.848+0000][379][trace][gc,age      ] GC(20) - age   1:   25737000 bytes,   25737000 total
[2025-07-09T18:26:14.849+0000][379][trace][gc,age      ] GC(20) - age   2:   24269328 bytes,   50006328 total
[2025-07-09T18:26:14.849+0000][379][info ][gc,heap     ] GC(20) Eden regions: 99->0(100)
[2025-07-09T18:26:14.849+0000][379][info ][gc,heap     ] GC(20) Survivor regions: 7->13(14)
[2025-07-09T18:26:14.850+0000][379][info ][gc,heap     ] GC(20) Old regions: 56->56
[2025-07-09T18:26:14.850+0000][379][info ][gc,heap     ] GC(20) Humongous regions: 4->4
[2025-07-09T18:26:14.850+0000][379][info ][gc,metaspace] GC(20) Metaspace: 140385K(144320K)->140385K(144320K) NonClass: 120631K(122752K)->120631K(122752K) Class: 19754K(21568K)->19754K(21568K)
[2025-07-09T18:26:14.851+0000][379][info ][gc          ] GC(20) Pause Young (Normal) (G1 Evacuation Pause) 664M->292M(3976M) 41.109ms
[2025-07-09T18:26:14.851+0000][379][info ][gc,cpu      ] GC(20) User=0.23s Sys=0.00s Real=0.04s
[2025-07-09T18:26:14.852+0000][379][info ][safepoint   ] Safepoint "G1CollectForAllocation", Time since last: 16135383696 ns, Reaching safepoint: 22363 ns, At safepoint: 42120583 ns, Total: 42142946 ns
[2025-07-09T18:26:23.908+0000][379][info ][gc,start    ] GC(21) Pause Young (Normal) (G1 Evacuation Pause)
[2025-07-09T18:26:23.909+0000][379][info ][gc,task     ] GC(21) Using 8 workers of 8 for evacuation
[2025-07-09T18:26:23.909+0000][379][debug][gc,age      ] GC(21) Desired survivor size 33554432 bytes, new threshold 2 (max threshold 15)
[2025-07-09T18:26:23.980+0000][379][info ][gc,phases   ] GC(21)   Pre Evacuate Collection Set: 0.49ms
[2025-07-09T18:26:23.981+0000][379][info ][gc,phases   ] GC(21)   Merge Heap Roots: 0.34ms
[2025-07-09T18:26:23.981+0000][379][info ][gc,phases   ] GC(21)   Evacuate Collection Set: 68.42ms
[2025-07-09T18:26:23.981+0000][379][info ][gc,phases   ] GC(21)   Post Evacuate Collection Set: 1.75ms
[2025-07-09T18:26:23.981+0000][379][info ][gc,phases   ] GC(21)   Other: 0.65ms
[2025-07-09T18:26:23.981+0000][379][trace][gc,age      ] GC(21) Age table:
[2025-07-09T18:26:23.982+0000][379][trace][gc,age      ] GC(21) - age   1:   12554704 bytes,   12554704 total
[2025-07-09T18:26:23.982+0000][379][trace][gc,age      ] GC(21) - age   2:   25302160 bytes,   37856864 total
[2025-07-09T18:26:23.982+0000][379][info ][gc,heap     ] GC(21) Eden regions: 110->0(135)
[2025-07-09T18:26:23.982+0000][379][info ][gc,heap     ] GC(21) Survivor regions: 13->10(16)
[2025-07-09T18:26:23.982+0000][379][info ][gc,heap     ] GC(21) Old regions: 56->63
[2025-07-09T18:26:23.982+0000][379][info ][gc,heap     ] GC(21) Humongous regions: 4->4
[2025-07-09T18:26:23.983+0000][379][info ][gc,metaspace] GC(21) Metaspace: 146288K(150336K)->146288K(150336K) NonClass: 125754K(127936K)->125754K(127936K) Class: 20534K(22400K)->20534K(22400K)
[2025-07-09T18:26:23.983+0000][379][info ][gc          ] GC(21) Pause Young (Normal) (G1 Evacuation Pause) 732M->304M(3976M) 74.661ms
[2025-07-09T18:26:23.983+0000][379][info ][gc,cpu      ] GC(21) User=0.47s Sys=0.00s Real=0.07s
[2025-07-09T18:26:23.983+0000][379][info ][safepoint   ] Safepoint "G1CollectForAllocation", Time since last: 9056317837 ns, Reaching safepoint: 19364 ns, At safepoint: 75257952 ns, Total: 75277316 ns
[2025-07-09T18:26:30.755+0000][379][info ][gc,start    ] GC(22) Pause Young (Normal) (G1 Evacuation Pause)
[2025-07-09T18:26:30.755+0000][379][info ][gc,task     ] GC(22) Using 8 workers of 8 for evacuation
[2025-07-09T18:26:30.756+0000][379][debug][gc,age      ] GC(22) Desired survivor size 44040192 bytes, new threshold 15 (max threshold 15)
[2025-07-09T18:26:30.803+0000][379][info ][gc,phases   ] GC(22)   Pre Evacuate Collection Set: 0.43ms
[2025-07-09T18:26:30.804+0000][379][info ][gc,phases   ] GC(22)   Merge Heap Roots: 0.52ms
[2025-07-09T18:26:30.804+0000][379][info ][gc,phases   ] GC(22)   Evacuate Collection Set: 43.71ms
[2025-07-09T18:26:30.804+0000][379][info ][gc,phases   ] GC(22)   Post Evacuate Collection Set: 2.44ms
[2025-07-09T18:26:30.805+0000][379][info ][gc,phases   ] GC(22)   Other: 1.16ms
[2025-07-09T18:26:30.805+0000][379][trace][gc,age      ] GC(22) Age table:
[2025-07-09T18:26:30.805+0000][379][trace][gc,age      ] GC(22) - age   1:   11022944 bytes,   11022944 total
[2025-07-09T18:26:30.805+0000][379][trace][gc,age      ] GC(22) - age   2:    7783160 bytes,   18806104 total
[2025-07-09T18:26:30.805+0000][379][trace][gc,age      ] GC(22) - age   3:   25301536 bytes,   44107640 total
[2025-07-09T18:26:30.806+0000][379][info ][gc,heap     ] GC(22) Eden regions: 152->0(176)
[2025-07-09T18:26:30.806+0000][379][info ][gc,heap     ] GC(22) Survivor regions: 10->12(21)
[2025-07-09T18:26:30.806+0000][379][info ][gc,heap     ] GC(22) Old regions: 63->63
[2025-07-09T18:26:30.806+0000][379][info ][gc,heap     ] GC(22) Humongous regions: 4->4
[2025-07-09T18:26:30.806+0000][379][info ][gc,metaspace] GC(22) Metaspace: 148768K(152896K)->148768K(152896K) NonClass: 128117K(130432K)->128117K(130432K) Class: 20650K(22464K)->20650K(22464K)
[2025-07-09T18:26:30.807+0000][379][info ][gc          ] GC(22) Pause Young (Normal) (G1 Evacuation Pause) 912M->312M(3976M) 52.087ms
[2025-07-09T18:26:30.807+0000][379][info ][gc,cpu      ] GC(22) User=0.21s Sys=0.00s Real=0.06s
[2025-07-09T18:26:30.807+0000][379][info ][safepoint   ] Safepoint "G1CollectForAllocation", Time since last: 6772271401 ns, Reaching safepoint: 123433 ns, At safepoint: 52659269 ns, Total: 52782702 ns
[2025-07-09T18:26:49.016+0000][379][info ][gc,start    ] GC(23) Pause Young (Concurrent Start) (CodeCache GC Threshold)
[2025-07-09T18:26:49.017+0000][379][info ][gc,task     ] GC(23) Using 8 workers of 8 for evacuation
[2025-07-09T18:26:49.017+0000][379][debug][gc,age      ] GC(23) Desired survivor size 54525952 bytes, new threshold 15 (max threshold 15)
[2025-07-09T18:26:49.059+0000][379][info ][gc,phases   ] GC(23)   Pre Evacuate Collection Set: 0.42ms
[2025-07-09T18:26:49.060+0000][379][info ][gc,phases   ] GC(23)   Merge Heap Roots: 0.27ms
[2025-07-09T18:26:49.060+0000][379][info ][gc,phases   ] GC(23)   Evacuate Collection Set: 38.89ms
[2025-07-09T18:26:49.060+0000][379][info ][gc,phases   ] GC(23)   Post Evacuate Collection Set: 2.11ms
[2025-07-09T18:26:49.060+0000][379][info ][gc,phases   ] GC(23)   Other: 0.88ms
[2025-07-09T18:26:49.060+0000][379][trace][gc,age      ] GC(23) Age table:
[2025-07-09T18:26:49.060+0000][379][trace][gc,age      ] GC(23) - age   1:   18739688 bytes,   18739688 total
[2025-07-09T18:26:49.061+0000][379][trace][gc,age      ] GC(23) - age   2:    6941056 bytes,   25680744 total
[2025-07-09T18:26:49.061+0000][379][trace][gc,age      ] GC(23) - age   3:    7576960 bytes,   33257704 total
[2025-07-09T18:26:49.061+0000][379][trace][gc,age      ] GC(23) - age   4:   25248272 bytes,   58505976 total
[2025-07-09T18:26:49.061+0000][379][info ][gc,heap     ] GC(23) Eden regions: 183->0(219)
[2025-07-09T18:26:49.061+0000][379][info ][gc,heap     ] GC(23) Survivor regions: 12->17(26)
[2025-07-09T18:26:49.061+0000][379][info ][gc,heap     ] GC(23) Old regions: 63->63
[2025-07-09T18:26:49.062+0000][379][info ][gc,heap     ] GC(23) Humongous regions: 4->4
[2025-07-09T18:26:49.062+0000][379][info ][gc,metaspace] GC(23) Metaspace: 153194K(157312K)->153194K(157312K) NonClass: 131915K(134208K)->131915K(134208K) Class: 21279K(23104K)->21279K(23104K)
[2025-07-09T18:26:49.062+0000][379][info ][gc          ] GC(23) Pause Young (Concurrent Start) (CodeCache GC Threshold) 1041M->330M(3976M) 45.517ms
[2025-07-09T18:26:49.062+0000][379][info ][gc          ] GC(24) Concurrent Mark Cycle
[2025-07-09T18:26:49.062+0000][379][info ][gc,marking  ] GC(24) Concurrent Scan Root Regions
[2025-07-09T18:26:49.062+0000][379][info ][gc,cpu      ] GC(23) User=0.27s Sys=0.00s Real=0.04s
[2025-07-09T18:26:49.063+0000][379][info ][safepoint   ] Safepoint "G1TryInitiateConcMark", Time since last: 17561081745 ns, Reaching safepoint: 17795 ns, At safepoint: 46386198 ns, Total: 46403993 ns
[2025-07-09T18:26:49.083+0000][379][info ][gc,marking  ] GC(24) Concurrent Scan Root Regions 20.852ms
[2025-07-09T18:26:49.084+0000][379][info ][gc,marking  ] GC(24) Concurrent Mark
[2025-07-09T18:26:49.084+0000][379][info ][gc,marking  ] GC(24) Concurrent Mark From Roots
[2025-07-09T18:26:49.084+0000][379][info ][gc,task     ] GC(24) Using 2 workers of 2 for marking
[2025-07-09T18:26:49.301+0000][379][info ][gc,marking  ] GC(24) Concurrent Mark From Roots 217.487ms
[2025-07-09T18:26:49.302+0000][379][info ][gc,marking  ] GC(24) Concurrent Preclean
[2025-07-09T18:26:49.303+0000][379][info ][gc,marking  ] GC(24) Concurrent Preclean 0.969ms
[2025-07-09T18:26:49.303+0000][379][info ][gc,start    ] GC(24) Pause Remark
[2025-07-09T18:26:49.382+0000][379][info ][gc          ] GC(24) Pause Remark 333M->333M(3976M) 78.629ms
[2025-07-09T18:26:49.383+0000][379][info ][gc,cpu      ] GC(24) User=0.41s Sys=0.00s Real=0.08s
[2025-07-09T18:26:49.383+0000][379][info ][safepoint   ] Safepoint "G1PauseRemark", Time since last: 240469649 ns, Reaching safepoint: 28774 ns, At safepoint: 79954391 ns, Total: 79983165 ns
[2025-07-09T18:26:49.384+0000][379][info ][gc,marking  ] GC(24) Concurrent Mark 300.103ms
[2025-07-09T18:26:49.384+0000][379][info ][gc,marking  ] GC(24) Concurrent Rebuild Remembered Sets and Scrub Regions
[2025-07-09T18:26:49.466+0000][379][info ][gc,marking  ] GC(24) Concurrent Rebuild Remembered Sets and Scrub Regions 81.627ms
[2025-07-09T18:26:49.466+0000][379][info ][gc,start    ] GC(24) Pause Cleanup
[2025-07-09T18:26:49.467+0000][379][info ][gc          ] GC(24) Pause Cleanup 333M->333M(3976M) 0.629ms
[2025-07-09T18:26:49.467+0000][379][info ][gc,cpu      ] GC(24) User=0.00s Sys=0.00s Real=0.00s
[2025-07-09T18:26:49.467+0000][379][info ][safepoint   ] Safepoint "G1PauseCleanup", Time since last: 83024690 ns, Reaching safepoint: 21735 ns, At safepoint: 1250045 ns, Total: 1271780 ns
[2025-07-09T18:26:49.471+0000][379][info ][gc,marking  ] GC(24) Concurrent Clear Claimed Marks
[2025-07-09T18:26:49.472+0000][379][info ][gc,marking  ] GC(24) Concurrent Clear Claimed Marks 1.047ms
[2025-07-09T18:26:49.472+0000][379][info ][gc,marking  ] GC(24) Concurrent Cleanup for Next Mark
[2025-07-09T18:26:49.509+0000][379][info ][gc,marking  ] GC(24) Concurrent Cleanup for Next Mark 36.547ms
[2025-07-09T18:26:49.509+0000][379][info ][gc          ] GC(24) Concurrent Mark Cycle 447.142ms
[2025-07-09T18:26:54.894+0000][379][info ][gc,start    ] GC(25) Pause Young (Prepare Mixed) (G1 Evacuation Pause)
[2025-07-09T18:26:54.895+0000][379][info ][gc,task     ] GC(25) Using 8 workers of 8 for evacuation
[2025-07-09T18:26:54.895+0000][379][debug][gc,age      ] GC(25) Desired survivor size 65011712 bytes, new threshold 15 (max threshold 15)
[2025-07-09T18:26:54.959+0000][379][info ][gc,phases   ] GC(25)   Pre Evacuate Collection Set: 0.33ms
[2025-07-09T18:26:54.959+0000][379][info ][gc,phases   ] GC(25)   Merge Heap Roots: 0.35ms
[2025-07-09T18:26:54.959+0000][379][info ][gc,phases   ] GC(25)   Evacuate Collection Set: 60.37ms
[2025-07-09T18:26:54.959+0000][379][info ][gc,phases   ] GC(25)   Post Evacuate Collection Set: 2.72ms
[2025-07-09T18:26:54.960+0000][379][info ][gc,phases   ] GC(25)   Other: 0.40ms
[2025-07-09T18:26:54.960+0000][379][trace][gc,age      ] GC(25) Age table:
[2025-07-09T18:26:54.960+0000][379][trace][gc,age      ] GC(25) - age   1:   16853712 bytes,   16853712 total
[2025-07-09T18:26:54.960+0000][379][trace][gc,age      ] GC(25) - age   2:   18224136 bytes,   35077848 total
[2025-07-09T18:26:54.960+0000][379][trace][gc,age      ] GC(25) - age   3:    6931760 bytes,   42009608 total
[2025-07-09T18:26:54.960+0000][379][trace][gc,age      ] GC(25) - age   4:    7560200 bytes,   49569808 total
[2025-07-09T18:26:54.960+0000][379][trace][gc,age      ] GC(25) - age   5:   25160416 bytes,   74730224 total
[2025-07-09T18:26:54.960+0000][379][info ][gc,heap     ] GC(25) Eden regions: 224->0(205)
[2025-07-09T18:26:54.961+0000][379][info ][gc,heap     ] GC(25) Survivor regions: 17->21(31)
[2025-07-09T18:26:54.961+0000][379][info ][gc,heap     ] GC(25) Old regions: 63->63
[2025-07-09T18:26:54.961+0000][379][info ][gc,heap     ] GC(25) Humongous regions: 4->4
[2025-07-09T18:26:54.961+0000][379][info ][gc,metaspace] GC(25) Metaspace: 157446K(161664K)->157446K(161664K) NonClass: 135597K(137920K)->135597K(137920K) Class: 21849K(23744K)->21849K(23744K)
[2025-07-09T18:26:54.961+0000][379][info ][gc          ] GC(25) Pause Young (Prepare Mixed) (G1 Evacuation Pause) 1226M->347M(3976M) 66.786ms
[2025-07-09T18:26:54.961+0000][379][info ][gc,cpu      ] GC(25) User=0.47s Sys=0.00s Real=0.06s
[2025-07-09T18:26:54.962+0000][379][info ][safepoint   ] Safepoint "G1CollectForAllocation", Time since last: 5426799630 ns, Reaching safepoint: 40485 ns, At safepoint: 67263594 ns, Total: 67304079 ns
[2025-07-09T18:29:54.241+0000][379][info ][gc,start    ] GC(26) Pause Young (Mixed) (G1 Evacuation Pause)
[2025-07-09T18:29:54.249+0000][379][info ][gc,task     ] GC(26) Using 8 workers of 8 for evacuation
[2025-07-09T18:29:54.249+0000][379][debug][gc,age      ] GC(26) Desired survivor size 60817408 bytes, new threshold 5 (max threshold 15)
[2025-07-09T18:29:54.315+0000][379][info ][gc,phases   ] GC(26)   Pre Evacuate Collection Set: 0.63ms
[2025-07-09T18:29:54.315+0000][379][info ][gc,phases   ] GC(26)   Merge Heap Roots: 0.32ms
[2025-07-09T18:29:54.316+0000][379][info ][gc,phases   ] GC(26)   Evacuate Collection Set: 57.94ms
[2025-07-09T18:29:54.316+0000][379][info ][gc,phases   ] GC(26)   Post Evacuate Collection Set: 4.56ms
[2025-07-09T18:29:54.316+0000][379][info ][gc,phases   ] GC(26)   Other: 3.80ms
[2025-07-09T18:29:54.317+0000][379][trace][gc,age      ] GC(26) Age table:
[2025-07-09T18:29:54.317+0000][379][trace][gc,age      ] GC(26) - age   1:    7913616 bytes,    7913616 total
[2025-07-09T18:29:54.317+0000][379][trace][gc,age      ] GC(26) - age   2:   14225496 bytes,   22139112 total
[2025-07-09T18:29:54.318+0000][379][trace][gc,age      ] GC(26) - age   3:   17659224 bytes,   39798336 total
[2025-07-09T18:29:54.318+0000][379][trace][gc,age      ] GC(26) - age   4:    6927728 bytes,   46726064 total
[2025-07-09T18:29:54.319+0000][379][trace][gc,age      ] GC(26) - age   5:    7558368 bytes,   54284432 total
[2025-07-09T18:29:54.320+0000][379][info ][gc,heap     ] GC(26) Eden regions: 208->0(231)
[2025-07-09T18:29:54.320+0000][379][info ][gc,heap     ] GC(26) Survivor regions: 21->15(29)
[2025-07-09T18:29:54.320+0000][379][info ][gc,heap     ] GC(26) Old regions: 63->68
[2025-07-09T18:29:54.321+0000][379][info ][gc,heap     ] GC(26) Humongous regions: 4->4
[2025-07-09T18:29:54.321+0000][379][info ][gc,metaspace] GC(26) Metaspace: 160691K(164992K)->160691K(164992K) NonClass: 138665K(141056K)->138665K(141056K) Class: 22025K(23936K)->22025K(23936K)
[2025-07-09T18:29:54.321+0000][379][info ][gc          ] GC(26) Pause Young (Mixed) (G1 Evacuation Pause) 1179M->345M(3976M) 80.614ms
[2025-07-09T18:29:54.322+0000][379][info ][gc,cpu      ] GC(26) User=0.46s Sys=0.00s Real=0.08s
[2025-07-09T18:29:54.322+0000][379][info ][safepoint   ] Safepoint "G1CollectForAllocation", Time since last: 178328298975 ns, Reaching safepoint: 43328 ns, At safepoint: 82752404 ns, Total: 82795732 ns
[2025-07-09T18:32:45.678+0000][379][info ][gc,heap,exit] Heap
[2025-07-09T18:32:45.679+0000][379][info ][gc,heap,exit]  garbage-first heap   total reserved 4071424K, committed 4071424K, used 906351K [0x0000000707800000, 0x0000000800000000)
[2025-07-09T18:32:45.679+0000][379][info ][gc,heap,exit]   region size 4096K, 150 young (614400K), 15 survivors (61440K)
[2025-07-09T18:32:45.679+0000][379][info ][gc,heap,exit]  Metaspace       used 163865K, committed 168256K, reserved 1245184K
[2025-07-09T18:32:45.679+0000][379][info ][gc,heap,exit]   class space    used 22604K, committed 24576K, reserved 1048576K
